
Running 1 test using 1 worker

[1A[2K[1/1] [chromium] › e2e\plans.spec.ts:5:5 › Admin Plans Sync › should sync plan changes from Admin to Billing page
[1A[2K[2/1] (retries) [chromium] › e2e\plans.spec.ts:5:5 › Admin Plans Sync › should sync plan changes from Admin to Billing page (retry #1)
[1A[2K[3/1] (retries) [chromium] › e2e\plans.spec.ts:5:5 › Admin Plans Sync › should sync plan changes from Admin to Billing page (retry #2)
[1A[2K  1) [chromium] › e2e\plans.spec.ts:5:5 › Admin Plans Sync › should sync plan changes from Admin to Billing page 

    [31mTest timeout of 30000ms exceeded.[39m

    Error: page.fill: Test timeout of 30000ms exceeded.
    Call log:
    [2m  - waiting for locator('input[type="email"]')[22m


       6 |         // 1. Login
       7 |         await page.goto('/login');
    >  8 |         await page.fill('input[type="email"]', testUsers.admin.email);
         |                    ^
       9 |         await page.fill('input[type="password"]', testUsers.admin.password);
      10 |         await page.click('button[type="submit"]');
      11 |         await expect(page).toHaveURL(/\/dashboard/);
        at E:\extentuin\Agent-SAFE Grid\e2e\plans.spec.ts:8:20

    Error Context: test-results\plans-Admin-Plans-Sync-sho-d09fb--from-Admin-to-Billing-page-chromium\error-context.md

    Retry #1 ───────────────────────────────────────────────────────────────────────────────────────

    [31mTest timeout of 30000ms exceeded.[39m

    Error: page.fill: Test timeout of 30000ms exceeded.
    Call log:
    [2m  - waiting for locator('input[type="email"]')[22m


       6 |         // 1. Login
       7 |         await page.goto('/login');
    >  8 |         await page.fill('input[type="email"]', testUsers.admin.email);
         |                    ^
       9 |         await page.fill('input[type="password"]', testUsers.admin.password);
      10 |         await page.click('button[type="submit"]');
      11 |         await expect(page).toHaveURL(/\/dashboard/);
        at E:\extentuin\Agent-SAFE Grid\e2e\plans.spec.ts:8:20

    Error Context: test-results\plans-Admin-Plans-Sync-sho-d09fb--from-Admin-to-Billing-page-chromium-retry1\error-context.md

    attachment #2: trace (application/zip) ─────────────────────────────────────────────────────────
    test-results\plans-Admin-Plans-Sync-sho-d09fb--from-Admin-to-Billing-page-chromium-retry1\trace.zip
    Usage:

        npx playwright show-trace test-results\plans-Admin-Plans-Sync-sho-d09fb--from-Admin-to-Billing-page-chromium-retry1\trace.zip

    ────────────────────────────────────────────────────────────────────────────────────────────────

    Retry #2 ───────────────────────────────────────────────────────────────────────────────────────

    [31mTest timeout of 30000ms exceeded.[39m

    Error: page.fill: Test timeout of 30000ms exceeded.
    Call log:
    [2m  - waiting for locator('input[type="email"]')[22m


       6 |         // 1. Login
       7 |         await page.goto('/login');
    >  8 |         await page.fill('input[type="email"]', testUsers.admin.email);
         |                    ^
       9 |         await page.fill('input[type="password"]', testUsers.admin.password);
      10 |         await page.click('button[type="submit"]');
      11 |         await expect(page).toHaveURL(/\/dashboard/);
        at E:\extentuin\Agent-SAFE Grid\e2e\plans.spec.ts:8:20

    Error Context: test-results\plans-Admin-Plans-Sync-sho-d09fb--from-Admin-to-Billing-page-chromium-retry2\error-context.md


[1A[2K  1 failed
    [chromium] › e2e\plans.spec.ts:5:5 › Admin Plans Sync › should sync plan changes from Admin to Billing page 
